Release 14.1 - xst P.15xf (nt64)
Copyright (c) 1995-2012 Xilinx, Inc.  All rights reserved.
--> Parameter TMPDIR set to xst/projnav.tmp


Total REAL time to Xst completion: 0.00 secs
Total CPU time to Xst completion: 0.09 secs
 
--> Parameter xsthdpdir set to xst


Total REAL time to Xst completion: 0.00 secs
Total CPU time to Xst completion: 0.09 secs
 
--> Reading design: Simpel_top.prj

TABLE OF CONTENTS
  1) Synthesis Options Summary
  2) HDL Compilation
  3) Design Hierarchy Analysis
  4) HDL Analysis
  5) HDL Synthesis
     5.1) HDL Synthesis Report
  6) Advanced HDL Synthesis
     6.1) Advanced HDL Synthesis Report
  7) Low Level Synthesis
  8) Partition Report
  9) Final Report
	9.1) Device utilization summary
	9.2) Partition Resource Summary
	9.3) TIMING REPORT


=========================================================================
*                      Synthesis Options Summary                        *
=========================================================================
---- Source Parameters
Input File Name                    : "Simpel_top.prj"
Input Format                       : mixed
Ignore Synthesis Constraint File   : NO

---- Target Parameters
Output File Name                   : "Simpel_top"
Output Format                      : NGC
Target Device                      : xc3s100e-4-cp132

---- Source Options
Top Module Name                    : Simpel_top
Automatic FSM Extraction           : YES
FSM Encoding Algorithm             : Auto
Safe Implementation                : No
FSM Style                          : LUT
RAM Extraction                     : Yes
RAM Style                          : Auto
ROM Extraction                     : Yes
Mux Style                          : Auto
Decoder Extraction                 : YES
Priority Encoder Extraction        : Yes
Shift Register Extraction          : YES
Logical Shifter Extraction         : YES
XOR Collapsing                     : YES
ROM Style                          : Auto
Mux Extraction                     : Yes
Resource Sharing                   : YES
Asynchronous To Synchronous        : NO
Multiplier Style                   : Auto
Automatic Register Balancing       : No

---- Target Options
Add IO Buffers                     : YES
Global Maximum Fanout              : 500
Add Generic Clock Buffer(BUFG)     : 24
Register Duplication               : YES
Slice Packing                      : YES
Optimize Instantiated Primitives   : NO
Use Clock Enable                   : Yes
Use Synchronous Set                : Yes
Use Synchronous Reset              : Yes
Pack IO Registers into IOBs        : Auto
Equivalent register Removal        : YES

---- General Options
Optimization Goal                  : Speed
Optimization Effort                : 1
Keep Hierarchy                     : No
Netlist Hierarchy                  : As_Optimized
RTL Output                         : Yes
Global Optimization                : AllClockNets
Read Cores                         : YES
Write Timing Constraints           : NO
Cross Clock Analysis               : NO
Hierarchy Separator                : /
Bus Delimiter                      : <>
Case Specifier                     : Maintain
Slice Utilization Ratio            : 100
BRAM Utilization Ratio             : 100
Verilog 2001                       : YES
Auto BRAM Packing                  : NO
Slice Utilization Ratio Delta      : 5

=========================================================================


=========================================================================
*                          HDL Compilation                              *
=========================================================================
Compiling vhdl file "C:/Users/tniel/Desktop/Skole arbejde/DTU/Digital techniques/Three_week_course_F22/ShiftReg.vhd" in Library work.
Architecture behavioral of Entity shiftreg is up to date.
Compiling vhdl file "C:/Users/tniel/Desktop/Skole arbejde/DTU/Digital techniques/Three_week_course_F22/Protokol.vhd" in Library work.
Entity <Protokol> compiled.
Entity <Protokol> (Architecture <Behavioral>) compiled.
Compiling vhdl file "C:/Users/tniel/Desktop/Skole arbejde/DTU/Digital techniques/Three_week_course_F22/Simpel_top.vhd" in Library work.
Entity <SigGenSpiControl> compiled.
ERROR:HDLParsers:3010 - "C:/Users/tniel/Desktop/Skole arbejde/DTU/Digital techniques/Three_week_course_F22/Simpel_top.vhd" Line 17. Entity Simpel_top does not exist.
ERROR:HDLParsers:3312 - "C:/Users/tniel/Desktop/Skole arbejde/DTU/Digital techniques/Three_week_course_F22/Simpel_top.vhd" Line 19. Undefined symbol 'STD_LOGIC_VECTOR'.
ERROR:HDLParsers:1209 - "C:/Users/tniel/Desktop/Skole arbejde/DTU/Digital techniques/Three_week_course_F22/Simpel_top.vhd" Line 19. STD_LOGIC_VECTOR: Undefined symbol (last report in this block)
ERROR:HDLParsers:3312 - "C:/Users/tniel/Desktop/Skole arbejde/DTU/Digital techniques/Three_week_course_F22/Simpel_top.vhd" Line 23. Undefined symbol 'STD_LOGIC'.
ERROR:HDLParsers:1209 - "C:/Users/tniel/Desktop/Skole arbejde/DTU/Digital techniques/Three_week_course_F22/Simpel_top.vhd" Line 23. STD_LOGIC: Undefined symbol (last report in this block)
ERROR:HDLParsers:3312 - "C:/Users/tniel/Desktop/Skole arbejde/DTU/Digital techniques/Three_week_course_F22/Simpel_top.vhd" Line 32. Undefined symbol 'STD_LOGIC'.
ERROR:HDLParsers:1209 - "C:/Users/tniel/Desktop/Skole arbejde/DTU/Digital techniques/Three_week_course_F22/Simpel_top.vhd" Line 32. STD_LOGIC: Undefined symbol (last report in this block)
ERROR:HDLParsers:3312 - "C:/Users/tniel/Desktop/Skole arbejde/DTU/Digital techniques/Three_week_course_F22/Simpel_top.vhd" Line 34. Undefined symbol 'STD_LOGIC_VECTOR'.
ERROR:HDLParsers:1209 - "C:/Users/tniel/Desktop/Skole arbejde/DTU/Digital techniques/Three_week_course_F22/Simpel_top.vhd" Line 34. STD_LOGIC_VECTOR: Undefined symbol (last report in this block)
ERROR:HDLParsers:3313 - "C:/Users/tniel/Desktop/Skole arbejde/DTU/Digital techniques/Three_week_course_F22/Simpel_top.vhd" Line 42. Undefined symbol 'SCK'.  Should it be: aCK?
ERROR:HDLParsers:1209 - "C:/Users/tniel/Desktop/Skole arbejde/DTU/Digital techniques/Three_week_course_F22/Simpel_top.vhd" Line 42. SCK: Undefined symbol (last report in this block)
ERROR:HDLParsers:3312 - "C:/Users/tniel/Desktop/Skole arbejde/DTU/Digital techniques/Three_week_course_F22/Simpel_top.vhd" Line 42. Undefined symbol 'Mosi'.
ERROR:HDLParsers:1209 - "C:/Users/tniel/Desktop/Skole arbejde/DTU/Digital techniques/Three_week_course_F22/Simpel_top.vhd" Line 42. Mosi: Undefined symbol (last report in this block)
ERROR:HDLParsers:3312 - "C:/Users/tniel/Desktop/Skole arbejde/DTU/Digital techniques/Three_week_course_F22/Simpel_top.vhd" Line 42. Undefined symbol 'Reset'.
ERROR:HDLParsers:1209 - "C:/Users/tniel/Desktop/Skole arbejde/DTU/Digital techniques/Three_week_course_F22/Simpel_top.vhd" Line 42. Reset: Undefined symbol (last report in this block)
ERROR:HDLParsers:3312 - "C:/Users/tniel/Desktop/Skole arbejde/DTU/Digital techniques/Three_week_course_F22/Simpel_top.vhd" Line 42. Undefined symbol 'LD'.
ERROR:HDLParsers:1209 - "C:/Users/tniel/Desktop/Skole arbejde/DTU/Digital techniques/Three_week_course_F22/Simpel_top.vhd" Line 42. LD: Undefined symbol (last report in this block)
ERROR:HDLParsers:3312 - "C:/Users/tniel/Desktop/Skole arbejde/DTU/Digital techniques/Three_week_course_F22/Simpel_top.vhd" Line 42. Undefined symbol 'SS_not'.
ERROR:HDLParsers:1209 - "C:/Users/tniel/Desktop/Skole arbejde/DTU/Digital techniques/Three_week_course_F22/Simpel_top.vhd" Line 42. SS_not: Undefined symbol (last report in this block)
ERROR:HDLParsers:3312 - "C:/Users/tniel/Desktop/Skole arbejde/DTU/Digital techniques/Three_week_course_F22/Simpel_top.vhd" Line 43. Undefined symbol 'SPIdat_sig'.
ERROR:HDLParsers:1209 - "C:/Users/tniel/Desktop/Skole arbejde/DTU/Digital techniques/Three_week_course_F22/Simpel_top.vhd" Line 43. SPIdat_sig: Undefined symbol (last report in this block)
ERROR:HDLParsers:3312 - "C:/Users/tniel/Desktop/Skole arbejde/DTU/Digital techniques/Three_week_course_F22/Simpel_top.vhd" Line 43. Undefined symbol 'Shape'.
ERROR:HDLParsers:1209 - "C:/Users/tniel/Desktop/Skole arbejde/DTU/Digital techniques/Three_week_course_F22/Simpel_top.vhd" Line 43. Shape: Undefined symbol (last report in this block)
ERROR:HDLParsers:3312 - "C:/Users/tniel/Desktop/Skole arbejde/DTU/Digital techniques/Three_week_course_F22/Simpel_top.vhd" Line 43. Undefined symbol 'Freq'.
ERROR:HDLParsers:1209 - "C:/Users/tniel/Desktop/Skole arbejde/DTU/Digital techniques/Three_week_course_F22/Simpel_top.vhd" Line 43. Freq: Undefined symbol (last report in this block)
ERROR:HDLParsers:3312 - "C:/Users/tniel/Desktop/Skole arbejde/DTU/Digital techniques/Three_week_course_F22/Simpel_top.vhd" Line 43. Undefined symbol 'SigEN'.
ERROR:HDLParsers:1209 - "C:/Users/tniel/Desktop/Skole arbejde/DTU/Digital techniques/Three_week_course_F22/Simpel_top.vhd" Line 43. SigEN: Undefined symbol (last report in this block)
--> 

Total memory usage is 4491264 kilobytes

Number of errors   :   27 (   0 filtered)
Number of warnings :    0 (   0 filtered)
Number of infos    :    0 (   0 filtered)

